import os
os.system("figlet GoldenEye")
print("""
\033[1;33m
SOBRE GOLDENEYE:
\033[1;39m
GoldenEye es una aplicación de Python para FINES DE PRUEBA DE SEGURIDAD SOLAMENTE! GoldenEye es una herramienta de prueba HTTP DoS. Vector de ataque explotado: HTTP Keep Alive + NoCache
\033[1;32m
INSTALACIÓN:
\033[1;39m
$ apt update && apt upgrade 
$ apt install git -y
$ apt install python2 -y
$ git clone https://github.com/jseidl/GoldenEye
\033[1;33m
MÉTODO DE USO:
\033[1;39m
$ cd GoldenEye 
$ chmod +x * 
$ python2 goldeneye.py [url]
\033[1;32m	
OPCIONES:
\033[1;39m
 -u, --useragents Archivo con agentes de usuario para usar (predeterminado: generado aleatoriamente) 
-w, --workers Número de trabajadores concurrentes (predeterminado: 50) 
-s, --sockets Número de sockets concurrentes (predeterminado: 30) 
-m, --method Método HTTP para usar 'get' o 'post' o 'random' (valor predeterminado: get) 
-d, --debug Habilitar modo de depuración [salida más detallada] (predeterminado: Falso) 
-n, --nosslcheck No verificar el certificado SSL (predeterminado: True) 
-h, --help Muestra esta ayuda
""")
